Component: ARM Compiler 5.06 update 7 (build 960) Tool: armlink [4d3601]

==============================================================================

Section Cross References

    system_stm32f10x.o(.text) refers to system_stm32f10x.o(.data) for .data
    startup_stm32f10x_hd.o(RESET) refers to startup_stm32f10x_hd.o(STACK) for __initial_sp
    startup_stm32f10x_hd.o(RESET) refers to startup_stm32f10x_hd.o(.text) for Reset_Handler
    startup_stm32f10x_hd.o(RESET) refers to stm32f10x_it.o(.text) for NMI_Handler
    startup_stm32f10x_hd.o(RESET) refers to key.o(.text) for EXTI0_IRQHandler
    startup_stm32f10x_hd.o(RESET) refers to usart1.o(.text) for USART1_IRQHandler
    startup_stm32f10x_hd.o(RESET) refers to esp8266.o(.text) for USART2_IRQHandler
    startup_stm32f10x_hd.o(.text) refers to system_stm32f10x.o(.text) for SystemInit
    startup_stm32f10x_hd.o(.text) refers to entry.o(.ARM.Collect$$$$00000000) for __main
    stm32f10x_gpio.o(.text) refers to stm32f10x_rcc.o(.text) for RCC_APB2PeriphResetCmd
    stm32f10x_rcc.o(.text) refers to stm32f10x_rcc.o(.data) for .data
    stm32f10x_usart.o(.text) refers to stm32f10x_rcc.o(.text) for RCC_APB2PeriphResetCmd
    stm32f10x_adc.o(.text) refers to stm32f10x_rcc.o(.text) for RCC_APB2PeriphResetCmd
    stm32f10x_bkp.o(.text) refers to stm32f10x_rcc.o(.text) for RCC_BackupResetCmd
    stm32f10x_can.o(.text) refers to stm32f10x_rcc.o(.text) for RCC_APB1PeriphResetCmd
    stm32f10x_cec.o(.text) refers to stm32f10x_rcc.o(.text) for RCC_APB1PeriphResetCmd
    stm32f10x_dac.o(.text) refers to stm32f10x_rcc.o(.text) for RCC_APB1PeriphResetCmd
    stm32f10x_i2c.o(.text) refers to stm32f10x_rcc.o(.text) for RCC_APB1PeriphResetCmd
    stm32f10x_pwr.o(.text) refers to stm32f10x_rcc.o(.text) for RCC_APB1PeriphResetCmd
    stm32f10x_spi.o(.text) refers to stm32f10x_rcc.o(.text) for RCC_APB2PeriphResetCmd
    stm32f10x_tim.o(.text) refers to stm32f10x_rcc.o(.text) for RCC_APB1PeriphResetCmd
    stm32f10x_wwdg.o(.text) refers to stm32f10x_rcc.o(.text) for RCC_APB1PeriphResetCmd
    delay.o(.text) refers to delay.o(.data) for .data
    dht11.o(.text) refers to stm32f10x_gpio.o(.text) for GPIO_Init
    dht11.o(.text) refers to delay.o(.text) for delay_ms
    dht11.o(.text) refers to stm32f10x_rcc.o(.text) for RCC_APB2PeriphClockCmd
    ds18b20.o(.text) refers to delay.o(.text) for delay_us
    ds18b20.o(.text) refers to stm32f10x_rcc.o(.text) for RCC_APB2PeriphClockCmd
    ds18b20.o(.text) refers to stm32f10x_gpio.o(.text) for GPIO_Init
    ds18b20.o(.text) refers to dflti.o(.text) for __aeabi_i2d
    ds18b20.o(.text) refers to dmul.o(.text) for __aeabi_dmul
    ds18b20.o(.text) refers to dfixi.o(.text) for __aeabi_d2iz
    oled_i2c.o(.text) refers to stm32f10x_rcc.o(.text) for RCC_APB1PeriphClockCmd
    oled_i2c.o(.text) refers to stm32f10x_gpio.o(.text) for GPIO_Init
    oled_i2c.o(.text) refers to stm32f10x_i2c.o(.text) for I2C_DeInit
    oled_i2c.o(.text) refers to delay.o(.text) for delay_ms
    oled_i2c.o(.text) refers to oled_i2c.o(.constdata) for .constdata
    oled_i2c.o(.text) refers to oled_i2c.o(.data) for .data
    oled_i2c.o(.text) refers to oled_i2c.o(.bss) for .bss
    display.o(.text) refers to oled_i2c.o(.text) for OLED_ShowStr
    display.o(.text) refers to atgm336h.o(.text) for ATGM336_Init
    display.o(.text) refers to delay.o(.text) for delay_ms
    display.o(.text) refers to ds18b20.o(.text) for DS18B20_Get_Temp
    display.o(.text) refers to fflti.o(.text) for __aeabi_i2f
    display.o(.text) refers to max30102.o(.text) for GetHeartRateSpO2
    display.o(.text) refers to onenet.o(.text) for OneNet_SendData
    display.o(.text) refers to esp8266.o(.text) for ESP8266_GetIPD
    display.o(.text) refers to ffixi.o(.text) for __aeabi_f2iz
    display.o(.text) refers to fmul.o(.text) for __aeabi_fmul
    display.o(.text) refers to display.o(.data) for .data
    display.o(.text) refers to main.o(.data) for setm
    display.o(.text) refers to main.o(.data) for temperature
    display.o(.text) refers to usart1.o(.bss) for Save_Data
    display.o(.text) refers to atgm336h.o(.data) for longitude_sum
    display.o(.text) refers to ds1302.o(.text) for DS1302_DateRead
    display.o(.text) refers to main.o(.data) for setn
    display.o(.text) refers to ds1302.o(.data) for SysDate
    display.o(.text) refers to main.o(.data) for p_r
    display.o(.text) refers to buzzer.o(.text) for Buzzer_Cmp
    display.o(.text) refers to max30102.o(.data) for hrAvg
    ds1302.o(.text) refers to stm32f10x_gpio.o(.text) for GPIO_Init
    ds1302.o(.text) refers to stm32f10x_rcc.o(.text) for RCC_APB2PeriphClockCmd
    ds1302.o(.text) refers to delay.o(.text) for delay_us
    max30102.o(.text) refers to myiic.o(.text) for i2c_Start
    max30102.o(.text) refers to printfa.o(i.__0printf) for __2printf
    max30102.o(.text) refers to algorithm.o(.text) for maxim_heart_rate_and_oxygen_saturation
[...]
    .text                                    0x08006a40   Section        0  f2d.o(.text)
    .text                                    0x08006a66   Section        0  d2f.o(.text)
    .text                                    0x08006aa0   Section       20  cfrcmple.o(.text)
    .text                                    0x08006ab4   Section        0  uidiv.o(.text)
    .text                                    0x08006ae0   Section        0  uldiv.o(.text)
    .text                                    0x08006b42   Section        0  llushr.o(.text)
    .text                                    0x08006b64   Section        0  strtod.o(.text)
    _local_sscanf                            0x08006b65   Thumb Code    54  strtod.o(.text)
    .text                                    0x08006c00   Section        0  strtol.o(.text)
    .text                                    0x08006c70   Section        0  fepilogue.o(.text)
    .text                                    0x08006c70   Section        0  iusefp.o(.text)
    .text                                    0x08006cde   Section        0  depilogue.o(.text)
    .text                                    0x08006d98   Section        0  dadd.o(.text)
    .text                                    0x08006ee6   Section        0  ddiv.o(.text)
    .text                                    0x08006fc4   Section        0  dfixul.o(.text)
    .text                                    0x08006ff4   Section       48  cdrcmple.o(.text)
    .text                                    0x08007024   Section       36  init.o(.text)
    .text                                    0x08007048   Section        0  semi.o(.text)
    .text                                    0x08007048   Section        0  llshl.o(.text)
    .text                                    0x08007066   Section        0  llsshr.o(.text)
    .text                                    0x0800708c   Section        0  ctype_o.o(.text)
    .text                                    0x08007094   Section        0  isspace_o.o(.text)
    .text                                    0x080070a8   Section        0  scanf_fp.o(.text)
    _fp_value                                0x080070a9   Thumb Code   296  scanf_fp.o(.text)
    .text                                    0x08007408   Section        0  _sgetc.o(.text)
    .text                                    0x08007448   Section        0  _strtoul.o(.text)
    .text                                    0x080074e6   Section        0  iusesemip.o(.text)
    .text                                    0x080074e6   Section        0  _chval.o(.text)
    .text                                    0x08007502   Section        0  dfltul.o(.text)
    .text                                    0x0800751a   Section        0  __dclz77c.o(.text)
    i.__0printf                              0x08007578   Section        0  printfa.o(i.__0printf)
    i.__0snprintf                            0x08007598   Section        0  printfa.o(i.__0snprintf)
    i.__0sprintf                             0x080075cc   Section        0  printfa.o(i.__0sprintf)
    i.__0vsprintf                            0x080075f4   Section        0  printfa.o(i.__0vsprintf)
    i.__aeabi_errno_addr                     0x08007618   Section        0  errno.o(i.__aeabi_errno_addr)
    i.__read_errno                           0x08007620   Section        0  errno.o(i.__read_errno)
    i.__scatterload_copy                     0x0800762c   Section       14  handlers.o(i.__scatterload_copy)
    i.__scatterload_null                     0x0800763a   Section        2  handlers.o(i.__scatterload_null)
    i.__scatterload_zeroinit                 0x0800763c   Section       14  handlers.o(i.__scatterload_zeroinit)
    i.__set_errno                            0x0800764c   Section        0  errno.o(i.__set_errno)
    i._fp_digits                             0x08007658   Section        0  printfa.o(i._fp_digits)
    _fp_digits                               0x08007659   Thumb Code   366  printfa.o(i._fp_digits)
    i._is_digit                              0x080077dc   Section        0  scanf_fp.o(i._is_digit)
    i._printf_core                           0x080077ec   Section        0  printfa.o(i._printf_core)
    _printf_core                             0x080077ed   Thumb Code  1704  printfa.o(i._printf_core)
    i._printf_post_padding                   0x08007ea0   Section        0  printfa.o(i._printf_post_padding)
    _printf_post_padding                     0x08007ea1   Thumb Code    36  printfa.o(i._printf_post_padding)
    i._printf_pre_padding                    0x08007ec4   Section        0  printfa.o(i._printf_pre_padding)
    _printf_pre_padding                      0x08007ec5   Thumb Code    46  printfa.o(i._printf_pre_padding)
    i._snputc                                0x08007ef2   Section        0  printfa.o(i._snputc)
    _snputc                                  0x08007ef3   Thumb Code    22  printfa.o(i._snputc)
    i._sputc                                 0x08007f08   Section        0  printfa.o(i._sputc)
    _sputc                                   0x08007f09   Thumb Code    10  printfa.o(i._sputc)
    i.atof                                   0x08007f12   Section        0  atof.o(i.atof)
    i.fputc                                  0x08007f3c   Section        0  fputc.o(i.fputc)
    i.free                                   0x08007f50   Section        0  malloc.o(i.free)
    i.malloc                                 0x08007fa0   Section        0  malloc.o(i.malloc)
    .constdata                               0x0800800c   Section     2078  oled_i2c.o(.constdata)
    .constdata                               0x0800882a   Section      184  algorithm.o(.constdata)
    .constdata                               0x080088e4   Section      700  onenet.o(.constdata)
    .constdata                               0x08008ba0   Section      192  base64.o(.constdata)
    base64_enc_map                           0x08008ba0   Data          64  base64.o(.constdata)
    base64_dec_map                           0x08008be0   Data         128  base64.o(.constdata)
    .constdata                               0x08008c60   Section      129  ctype_o.o(.constdata)
    .constdata                               0x08008ce4   Section        4  ctype_o.o(.constdata)
    table                                    0x08008ce4   Data           4  ctype_o.o(.constdata)
    .conststring                             0x08008ce8   Section      137  onenet.o(.conststring)
    .data                                    0x20000000   Section       20  system_stm32f10x.o(.data)
    .data                                    0x20000014   Section       20  stm32f10x_rcc.o(.data)
    ADCPrescTable                            0x20000014   Data           4  stm32f10x_rcc.o(.data)
    APBAHBPrescTable                         0x20000018   Data          16  stm32f10x_rcc.o(.data)
    .data                                    0x20000028   Section        4  delay.o(.data)
    .data                                    0x2000002c   Section     1280  oled_i2c.o(.data)
    .data                                    0x2000052c   Section       24  display.o(.data)
    .data                                    0x20000544   Section        8  ds1302.o(.data)
    .data                                    0x2000054c   Section       80  max30102.o(.data)
    COUNT                                    0x2000054c   Data           1  max30102.o(.data)
    .data                                    0x2000059c   Section        4  usart1.o(.data)
    .data                                    0x200005a0   Section       12  atgm336h.o(.data)
    .data                                    0x200005ac   Section        1  usart2.o(.data)
    .data                                    0x200005ad   Section        2  key.o(.data)
    key_up                                   0x200005ae   Data           1  key.o(.data)
    .data                                    0x200005af   Section        1  main.o(.data)
    .data                                    0x200005b0   Section        1  main.o(.data)
    .data                                    0x200005b1   Section        1  main.o(.data)
    .data                                    0x200005b2   Section        1  main.o(.data)
    .data                                    0x200005b3   Section        1  main.o(.data)
    .data                                    0x200005b4   Section        4  onenet.o(.data)
    pkt_id                                   0x200005b6   Data           2  onenet.o(.data)
    .data                                    0x200005b8   Section        6  esp8266.o(.data)
    .data                                    0x200005c0   Section        4  stdout.o(.data)
    .data                                    0x200005c4   Section        4  mvars.o(.data)
    .data                                    0x200005c8   Section        4  mvars.o(.data)
    .data                                    0x200005cc   Section        4  errno.o(.data)
    _errno                                   0x200005cc   Data           4  errno.o(.data)
    .bss                                     0x200005d0   Section     1024  oled_i2c.o(.bss)
    .bss                                     0x200009d0   Section     1328  max30102.o(.bss)
    .bss                                     0x20000f00   Section     1200  algorithm.o(.bss)
    an_x                                     0x20000f00   Data         600  algorithm.o(.bss)
    an_y                                     0x20001158   Data         600  algorithm.o(.bss)
    .bss                                     0x200013b0   Section      321  usart1.o(.bss)
    .bss                                     0x200014f8   Section     1024  usart2.o(.bss)
    .bss                                     0x200018f8   Section      512  esp8266.o(.bss)
    HEAP                                     0x20001af8   Section     3072  startup_stm32f10x_hd.o(HEAP)
    STACK                                    0x200026f8   Section     3072  startup_stm32f10x_hd.o(STACK)

    Global Symbols

    Symbol Name                              Value     Ov Type        Size  Object(Section)

    BuildAttributes$$THM_ISAv4$P$D$K$B$S$PE$A:L22UL41UL21$X:L11$S22US41US21$IEEE1$IW$USESV6$~STKCKD$USESV7$~SHL$OTIME$ROPI$IEEEJ$EBA8$MICROLIB$REQ8$PRES8$EABIv2 0x00000000   Number         0  anon$$obj.o ABSOLUTE
    __ARM_use_no_argv                        0x00000000   Number         0  main.o ABSOLUTE
    _printf_a                                0x00000000   Number         0  stubs.o ABSOLUTE
    _printf_c                                0x00000000   Number         0  stubs.o ABSOLUTE
    _printf_charcount                        0x00000000   Number         0  stubs.o ABSOLUTE
    _printf_d                                0x00000000   Number         0  stubs.o ABSOLUTE
    _printf_e                                0x00000000   Number         0  stubs.o ABSOLUTE
    _printf_f                                0x00000000   Number         0  stubs.o ABSOLUTE
    _printf_flags                            0x00000000   Number         0  stubs.o ABSOLUTE
    _printf_fp_dec                           0x00000000   Number         0  stubs.o ABSOLUTE
    _printf_fp_hex                           0x00000000   Number         0  stubs.o ABSOLUTE
    _printf_g                                0x00000000   Number         0  stubs.o ABSOLUTE
    _printf_i                                0x00000000   Number         0  stubs.o ABSOLUTE
    _printf_int_dec                          0x00000000   Number         0  stubs.o ABSOLUTE
    _printf_l                                0x00000000   Number         0  stubs.o ABSOLUTE
    _printf_lc                               0x00000000   Number         0  stubs.o ABSOLUTE
    _printf_ll                               0x00000000   Number         0  stubs.o ABSOLUTE
    _printf_lld                              0x00000000   Number         0  stubs.o ABSOLUTE
    _printf_lli                              0x00000000   Number         0  stubs.o ABSOLUTE
    _printf_llo                              0x00000000   Number         0  stubs.o ABSOLUTE
    _printf_llu                              0x00000000   Number         0  stubs.o ABSOLUTE
    _printf_llx                              0x00000000   Number         0  stubs.o ABSOLUTE
    _printf_longlong_dec                     0x00000000   Number         0  stubs.o ABSOLUTE
    _printf_longlong_hex                     0x00000000   Number         0  stubs.o ABSOLUTE
    _printf_longlong_oct                     0x00000000   Number         0  stubs.o ABSOLUTE
    _printf_ls                               0x00000000   Number         0  stubs.o ABSOLUTE
    _printf_mbtowc                           0x00000000   Number         0  stubs.o ABSOLUTE
    _printf_n                                0x00000000   Number         0  stubs.o ABSOLUTE
    _printf_o                                0x00000000   Number         0  stubs.o ABSOLUTE
    _printf_p                                0x00000000   Number         0  stubs.o ABSOLUTE
    _printf_percent                          0x00000000   Number         0  stubs.o ABSOLUTE
    _printf_pre_padding                      0x00000000   Number         0  stubs.o ABSOLUTE
    _printf_return_value                     0x00000000   Number         0  stubs.o ABSOLUTE
    _printf_s                                0x00000000   Number         0  stubs.o ABSOLUTE
    _printf_sizespec                         0x00000000   Number         0  stubs.o ABSOLUTE
    _printf_str                              0x00000000   Number         0  stubs.o ABSOLUTE
    _printf_truncate_signed                  0x00000000   Number         0  stubs.o ABSOLUTE
    _printf_truncate_unsigned                0x00000000   Number         0  stubs.o ABSOLUTE
    _printf_u                                0x00000000   Number         0  stubs.o ABSOLUTE
    _printf_wc                               0x00000000   Number         0  stubs.o ABSOLUTE
    _printf_wctomb                           0x00000000   Number         0  stubs.o ABSOLUTE
    _printf_widthprec                        0x00000000   Number         0  stubs.o ABSOLUTE
    _printf_x                                0x00000000   Number         0  stubs.o ABSOLUTE
    __arm_fini_                               - Undefined Weak Reference
    __cpp_initialize__aeabi_                  - Undefined Weak Reference
    __cxa_finalize                            - Undefined Weak Reference
    _clock_init                               - Undefined Weak Reference
    _microlib_exit                            - Undefined Weak Reference
    __Vectors_Size                           0x00000130   Number         0  startup_stm32f10x_hd.o ABSOLUTE
    __Vectors                                0x08000000   Data           4  startup_stm32f10x_hd.o(RESET)
    __Vectors_End                            0x08000130   Data           0  startup_stm32f10x_hd.o(RESET)
    __main                                   0x08000131   Thumb Code     0  entry.o(.ARM.Collect$$$$00000000)
    _main_stk                                0x08000131   Thumb Code     0  entry2.o(.ARM.Collect$$$$00000001)
    _main_scatterload                        0x08000135   Thumb Code     0  entry5.o(.ARM.Collect$$$$00000004)
    __main_after_scatterload                 0x08000139   Thumb Code     0  entry5.o(.ARM.Collect$$$$00000004)
    _main_clock                              0x08000139   Thumb Code     0  entry7b.o(.ARM.Collect$$$$00000008)
    _main_cpp_init                           0x08000139   Thumb Code     0  entry8b.o(.ARM.Collect$$$$0000000A)
    _main_init                               0x08000139   Thumb Code     0  entry9a.o(.ARM.Collect$$$$0000000B)
    __rt_lib_shutdown_fini                   0x08000141   Thumb Code     0  entry12b.o(.ARM.Collect$$$$0000000E)
    __rt_final_cpp                           0x08000145   Thumb Code     0  entry10a.o(.ARM.Collect$$$$0000000F)
    __rt_final_exit                          0x08000145   Thumb Code     0  entry11a.o(.ARM.Collect$$$$00000011)
    NMI_Handler                              0x08000149   Thumb Code     2  stm32f10x_it.o(.text)
    HardFault_Handler                        0x0800014b   Thumb Code     2  stm32f10x_it.o(.text)
    MemManage_Handler                        0x0800014d   Thumb Code     2  stm32f10x_it.o(.text)
    BusFault_Handler                         0x0800014f   Thumb Code     2  stm32f10x_it.o(.text)
    UsageFault_Handler                       0x08000151   Thumb Code     2  stm32f10x_it.o(.text)
    SVC_Handler                              0x08000153   Thumb Code     2  stm32f10x_it.o(.text)
    DebugMon_Handler                         0x08000155   Thumb Code     2  stm32f10x_it.o(.text)
    SysTick_Handler                          0x08000157   Thumb Code     2  stm32f10x_it.o(.text)
    RTC_IRQHandler                           0x08000159   Thumb Code     2  stm32f10x_it.o(.text)
    SystemInit                               0x080001fd   Thumb Code    64  system_stm32f10x.o(.text)
    SystemCoreClockUpdate                    0x0800023d   Thumb Code    86  system_stm32f10x.o(.text)
    Reset_Handler                            0x080002b5   Thumb Code     8  startup_stm32f10x_hd.o(.text)
    PendSV_Handler                           0x080002cb   Thumb Code     2  startup_stm32f10x_hd.o(.text)
    ADC1_2_IRQHandler                        0x080002cf   Thumb Code     0  startup_stm32f10x_hd.o(.text)
    ADC3_IRQHandler                          0x080002cf   Thumb Code     0  startup_stm32f10x_hd.o(.text)
    CAN1_RX1_IRQHandler                      0x080002cf   Thumb Code     0  startup_stm32f10x_hd.o(.text)
    CAN1_SCE_IRQHandler                      0x080002cf   Thumb Code     0  startup_stm32f10x_hd.o(.text)
    DMA1_Channel1_IRQHandler                 0x080002cf   Thumb Code     0  startup_stm32f10x_hd.o(.text)
    DMA1_Channel2_IRQHandler                 0x080002cf   Thumb Code     0  startup_stm32f10x_hd.o(.text)
    DMA1_Channel3_IRQHandler                 0x080002cf   Thumb Code     0  startup_stm32f10x_hd.o(.text)
    DMA1_Channel4_IRQHandler                 0x080002cf   Thumb Code     0  startup_stm32f10x_hd.o(.text)
    DMA1_Channel5_IRQHandler                 0x080002cf   Thumb Code     0  startup_stm32f10x_hd.o(.text)
    DMA1_Channel6_IRQHandler                 0x080002cf   Thumb Code     0  startup_stm32f10x_hd.o(.text)
    DMA1_Channel7_IRQHandler                 0x080002cf   Thumb Code     0  startup_stm32f10x_hd.o(.text)
    DMA2_Channel1_IRQHandler                 0x080002cf   Thumb Code     0  startup_stm32f10x_hd.o(.text)
    DMA2_Channel2_IRQHandler                 0x080002cf   Thumb Code     0  startup_stm32f10x_hd.o(.text)
    DMA2_Channel3_IRQHandler                 0x080002cf   Thumb Code     0  startup_stm32f10x_hd.o(.text)
    DMA2_Channel4_5_IRQHandler               0x080002cf   Thumb Code     0  startup_stm32f10x_hd.o(.text)
    EXTI15_10_IRQHandler                     0x080002cf   Thumb Code     0  startup_stm32f10x_hd.o(.text)
    EXTI1_IRQHandler                         0x080002cf   Thumb Code     0  startup_stm32f10x_hd.o(.text)
    EXTI2_IRQHandler                         0x080002cf   Thumb Code     0  startup_stm32f10x_hd.o(.text)
    EXTI3_IRQHandler                         0x080002cf   Thumb Code     0  startup_stm32f10x_hd.o(.text)
    EXTI9_5_IRQHandler                       0x080002cf   Thumb Code     0  startup_stm32f10x_hd.o(.text)
    FLASH_IRQHandler                         0x080002cf   Thumb Code     0  startup_stm32f10x_hd.o(.text)
    FSMC_IRQHandler                          0x080002cf   Thumb Code     0  startup_stm32f10x_hd.o(.text)
    I2C1_ER_IRQHandler                       0x080002cf   Thumb Code     0  startup_stm32f10x_hd.o(.text)
    I2C1_EV_IRQHandler                       0x080002cf   Thumb Code     0  startup_stm32f10x_hd.o(.text)
    I2C2_ER_IRQHandler                       0x080002cf   Thumb Code     0  startup_stm32f10x_hd.o(.text)
    I2C2_EV_IRQHandler                       0x080002cf   Thumb Code     0  startup_stm32f10x_hd.o(.text)
    PVD_IRQHandler                           0x080002cf   Thumb Code     0  startup_stm32f10x_hd.o(.text)
    RCC_IRQHandler                           0x080002cf   Thumb Code     0  startup_stm32f10x_hd.o(.text)
    RTCAlarm_IRQHandler                      0x080002cf   Thumb Code     0  startup_stm32f10x_hd.o(.text)
    SDIO_IRQHandler                          0x080002cf   Thumb Code     0  startup_stm32f10x_hd.o(.text)
    SPI1_IRQHandler                          0x080002cf   Thumb Code     0  startup_stm32f10x_hd.o(.text)
    SPI2_IRQHandler                          0x080002cf   Thumb Code     0  startup_stm32f10x_hd.o(.text)
    SPI3_IRQHandler                          0x080002cf   Thumb Code     0  startup_stm32f10x_hd.o(.text)
    TAMPER_IRQHandler                        0x080002cf   Thumb Code     0  startup_stm32f10x_hd.o(.text)
    TIM1_BRK_IRQHandler                      0x080002cf   Thumb Code     0  startup_stm32f10x_hd.o(.text)
    TIM1_CC_IRQHandler                       0x080002cf   Thumb Code     0  startup_stm32f10x_hd.o(.text)
    TIM1_TRG_COM_IRQHandler                  0x080002cf   Thumb Code     0  startup_stm32f10x_hd.o(.text)
    TIM1_UP_IRQHandler                       0x080002cf   Thumb Code     0  startup_stm32f10x_hd.o(.text)
    TIM2_IRQHandler                          0x080002cf   Thumb Code     0  startup_stm32f10x_hd.o(.text)
    TIM3_IRQHandler                          0x080002cf   Thumb Code     0  startup_stm32f10x_hd.o(.text)
    TIM4_IRQHandler                          0x080002cf   Thumb Code     0  startup_stm32f10x_hd.o(.text)
    TIM5_IRQHandler                          0x080002cf   Thumb Code     0  startup_stm32f10x_hd.o(.text)
    TIM6_IRQHandler                          0x080002cf   Thumb Code     0  startup_stm32f10x_hd.o(.text)
    TIM7_IRQHandler                          0x080002cf   Thumb Code     0  startup_stm32f10x_hd.o(.text)
    TIM8_BRK_IRQHandler                      0x080002cf   Thumb Code     0  startup_stm32f10x_hd.o(.text)
    TIM8_CC_IRQHandler                       0x080002cf   Thumb Code     0  startup_stm32f10x_hd.o(.text)
    TIM8_TRG_COM_IRQHandler                  0x080002cf   Thumb Code     0  startup_stm32f10x_hd.o(.text)
    TIM8_UP_IRQHandler                       0x080002cf   Thumb Code     0  startup_stm32f10x_hd.o(.text)
    UART4_IRQHandler                         0x080002cf   Thumb Code     0  startup_stm32f10x_hd.o(.text)
    UART5_IRQHandler                         0x080002cf   Thumb Code     0  startup_stm32f10x_hd.o(.text)
    USART3_IRQHandler                        0x080002cf   Thumb Code     0  startup_stm32f10x_hd.o(.text)
    USBWakeUp_IRQHandler                     0x080002cf   Thumb Code     0  startup_stm32f10x_hd.o(.text)
    USB_HP_CAN1_TX_IRQHandler                0x080002cf   Thumb Code     0  startup_stm32f10x_hd.o(.text)
    USB_LP_CAN1_RX0_IRQHandler               0x080002cf   Thumb Code     0  startup_stm32f10x_hd.o(.text)
    WWDG_IRQHandler                          0x080002cf   Thumb Code     0  startup_stm32f10x_hd.o(.text)
    NVIC_PriorityGroupConfig                 0x080002d9   Thumb Code    10  misc.o(.text)
    NVIC_Init                                0x080002e3   Thumb Code    94  misc.o(.text)
    NVIC_SetVectorTable                      0x08000341   Thumb Code    14  misc.o(.text)
    NVIC_SystemLPConfig                      0x0800034f   Thumb Code    20  misc.o(.text)
    SysTick_CLKSourceConfig                  0x08000363   Thumb Code    24  misc.o(.text)
    GPIO_DeInit                              0x08000389   Thumb Code   152  stm32f10x_gpio.o(.text)
    GPIO_AFIODeInit                          0x08000421   Thumb Code    22  stm32f10x_gpio.o(.text)
    GPIO_Init                                0x08000437   Thumb Code   156  stm32f10x_gpio.o(.text)
    GPIO_StructInit                          0x080004d3   Thumb Code    16  stm32f10x_gpio.o(.text)
    GPIO_ReadInputDataBit                    0x080004e3   Thumb Code    14  stm32f10x_gpio.o(.text)
    GPIO_ReadInputData                       0x080004f1   Thumb Code     6  stm32f10x_gpio.o(.text)
    GPIO_ReadOutputDataBit                   0x080004f7   Thumb Code    14  stm32f10x_gpio.o(.text)
    GPIO_ReadOutputData                      0x08000505   Thumb Code     6  stm32f10x_gpio.o(.text)
    GPIO_SetBits                             0x0800050b   Thumb Code     4  stm32f10x_gpio.o(.text)
    GPIO_ResetBits                           0x0800050f   Thumb Code     4  stm32f10x_gpio.o(.text)
    GPIO_WriteBit                            0x08000513   Thumb Code    10  stm32f10x_gpio.o(.text)
    GPIO_Write                               0x0800051d   Thumb Code     4  stm32f10x_gpio.o(.text)
    GPIO_PinLockConfig                       0x08000521   Thumb Code    16  stm32f10x_gpio.o(.text)
    GPIO_EventOutputConfig                   0x08000531   Thumb Code    22  stm32f10x_gpio.o(.text)
    GPIO_EventOutputCmd                      0x08000547   Thumb Code     6  stm32f10x_gpio.o(.text)
    GPIO_PinRemapConfig                      0x0800054d   Thumb Code    82  stm32f10x_gpio.o(.text)
    GPIO_EXTILineConfig                      0x0800059f   Thumb Code    34  stm32f10x_gpio.o(.text)
    GPIO_ETH_MediaInterfaceConfig            0x080005c1   Thumb Code     8  stm32f10x_gpio.o(.text)
    RCC_DeInit                               0x080005ed   Thumb Code    50  stm32f10x_rcc.o(.text)
    RCC_HSEConfig                            0x0800061f   Thumb Code    48  stm32f10x_rcc.o(.text)
    RCC_GetFlagStatus                        0x0800064f   Thumb Code    42  stm32f10x_rcc.o(.text)
    RCC_WaitForHSEStartUp                    0x08000679   Thumb Code    44  stm32f10x_rcc.o(.text)
    RCC_AdjustHSICalibrationValue            0x080006a5   Thumb Code    16  stm32f10x_rcc.o(.text)
    RCC_HSICmd                               0x080006b5   Thumb Code     6  stm32f10x_rcc.o(.text)
    RCC_PLLConfig                            0x080006bb   Thumb Code    16  stm32f10x_rcc.o(.text)
    RCC_PLLCmd                               0x080006cb   Thumb Code     6  stm32f10x_rcc.o(.text)
    RCC_SYSCLKConfig                         0x080006d1   Thumb Code    14  stm32f10x_rcc.o(.text)
    RCC_GetSYSCLKSource                      0x080006df   Thumb Code    10  stm32f10x_rcc.o(.text)
    RCC_HCLKConfig                           0x080006e9   Thumb Code    14  stm32f10x_rcc.o(.text)
    RCC_PCLK1Config                          0x080006f7   Thumb Code    14  stm32f10x_rcc.o(.text)
    RCC_PCLK2Config                          0x08000705   Thumb Code    16  stm32f10x_rcc.o(.text)
    RCC_ITConfig                             0x08000715   Thumb Code    18  stm32f10x_rcc.o(.text)
    RCC_USBCLKConfig                         0x08000727   Thumb Code     8  stm32f10x_rcc.o(.text)
    RCC_ADCCLKConfig                         0x0800072f   Thumb Code    14  stm32f10x_rcc.o(.text)
    RCC_LSEConfig                            0x0800073d   Thumb Code    28  stm32f10x_rcc.o(.text)
    RCC_LSICmd                               0x08000759   Thumb Code     6  stm32f10x_rcc.o(.text)
    RCC_RTCCLKConfig                         0x0800075f   Thumb Code    10  stm32f10x_rcc.o(.text)
    RCC_RTCCLKCmd                            0x08000769   Thumb Code     8  stm32f10x_rcc.o(.text)
    RCC_GetClocksFreq                        0x08000771   Thumb Code   132  stm32f10x_rcc.o(.text)
    RCC_AHBPeriphClockCmd                    0x080007f5   Thumb Code    18  stm32f10x_rcc.o(.text)
    RCC_APB2PeriphClockCmd                   0x08000807   Thumb Code    18  stm32f10x_rcc.o(.text)
    RCC_APB1PeriphClockCmd                   0x08000819   Thumb Code    18  stm32f10x_rcc.o(.text)
    RCC_APB2PeriphResetCmd                   0x0800082b   Thumb Code    18  stm32f10x_rcc.o(.text)
    RCC_APB1PeriphResetCmd                   0x0800083d   Thumb Code    18  stm32f10x_rcc.o(.text)
    RCC_BackupResetCmd                       0x0800084f   Thumb Code     8  stm32f10x_rcc.o(.text)
    RCC_ClockSecuritySystemCmd               0x08000857   Thumb Code     6  stm32f10x_rcc.o(.text)
    RCC_MCOConfig                            0x0800085d   Thumb Code     6  stm32f10x_rcc.o(.text)
    RCC_ClearFlag                            0x08000863   Thumb Code    12  stm32f10x_rcc.o(.text)
    RCC_GetITStatus                          0x0800086f   Thumb Code    16  stm32f10x_rcc.o(.text)
    RCC_ClearITPendingBit                    0x0800087f   Thumb Code     6  stm32f10x_rcc.o(.text)
    USART_DeInit                             0x080008a5   Thumb Code    96  stm32f10x_usart.o(.text)
    USART_Init                               0x08000905   Thumb Code   166  stm32f10x_usart.o(.text)
    USART_StructInit                         0x080009ab   Thumb Code    22  stm32f10x_usart.o(.text)
    USART_ClockInit                          0x080009c1   Thumb Code    30  stm32f10x_usart.o(.text)
    USART_ClockStructInit                    0x080009df   Thumb Code    12  stm32f10x_usart.o(.text)
    USART_Cmd                                0x080009eb   Thumb Code    20  stm32f10x_usart.o(.text)
    USART_ITConfig                           0x080009ff   Thumb Code    48  stm32f10x_usart.o(.text)
    USART_DMACmd                             0x08000a2f   Thumb Code    16  stm32f10x_usart.o(.text)
    USART_SetAddress                         0x08000a3f   Thumb Code    16  stm32f10x_usart.o(.text)
    USART_WakeUpConfig                       0x08000a4f   Thumb Code    16  stm32f10x_usart.o(.text)
    USART_ReceiverWakeUpCmd                  0x08000a5f   Thumb Code    20  stm32f10x_usart.o(.text)
    USART_LINBreakDetectLengthConfig         0x08000a73   Thumb Code    16  stm32f10x_usart.o(.text)
    USART_LINCmd                             0x08000a83   Thumb Code    20  stm32f10x_usart.o(.text)
    USART_SendData                           0x08000a97   Thumb Code     8  stm32f10x_usart.o(.text)
    USART_ReceiveData                        0x08000a9f   Thumb Code     8  stm32f10x_usart.o(.text)
    USART_SendBreak                          0x08000aa7   Thumb Code    10  stm32f10x_usart.o(.text)
    USART_SetGuardTime                       0x08000ab1   Thumb Code    16  stm32f10x_usart.o(.text)
    USART_SetPrescaler                       0x08000ac1   Thumb Code    16  stm32f10x_usart.o(.text)
    USART_SmartCardCmd                       0x08000ad1   Thumb Code    20  stm32f10x_usart.o(.text)
    USART_SmartCardNACKCmd                   0x08000ae5   Thumb Code    20  stm32f10x_usart.o(.text)
    USART_HalfDuplexCmd                      0x08000af9   Thumb Code    20  stm32f10x_usart.o(.text)
    USART_OverSampling8Cmd                   0x08000b0d   Thumb Code    20  stm32f10x_usart.o(.text)
    USART_OneBitMethodCmd                    0x08000b21   Thumb Code    20  stm32f10x_usart.o(.text)
    USART_IrDAConfig                         0x08000b35   Thumb Code    16  stm32f10x_usart.o(.text)
    USART_IrDACmd                            0x08000b45   Thumb Code    20  stm32f10x_usart.o(.text)
    USART_GetFlagStatus                      0x08000b59   Thumb Code    14  stm32f10x_usart.o(.text)
    USART_ClearFlag                          0x08000b67   Thumb Code     6  stm32f10x_usart.o(.text)
    USART_GetITStatus                        0x08000b6d   Thumb Code    62  stm32f10x_usart.o(.text)
    USART_ClearITPendingBit                  0x08000bab   Thumb Code    12  stm32f10x_usart.o(.text)
    DMA_DeInit                               0x08000bcd   Thumb Code   218  stm32f10x_dma.o(.text)
    DMA_Init                                 0x08000ca7   Thumb Code    58  stm32f10x_dma.o(.text)
    DMA_StructInit                           0x08000ce1   Thumb Code    26  stm32f10x_dma.o(.text)
    DMA_Cmd                                  0x08000cfb   Thumb Code    22  stm32f10x_dma.o(.text)
    DMA_ITConfig                             0x08000d11   Thumb Code    16  stm32f10x_dma.o(.text)
    DMA_SetCurrDataCounter                   0x08000d21   Thumb Code     4  stm32f10x_dma.o(.text)
    DMA_GetCurrDataCounter                   0x08000d25   Thumb Code     6  stm32f10x_dma.o(.text)
    DMA_GetFlagStatus                        0x08000d2b   Thumb Code    28  stm32f10x_dma.o(.text)
    DMA_ClearFlag                            0x08000d47   Thumb Code    20  stm32f10x_dma.o(.text)
    DMA_GetITStatus                          0x08000d5b   Thumb Code    28  stm32f10x_dma.o(.text)
    DMA_ClearITPendingBit                    0x08000d77   Thumb Code    20  stm32f10x_dma.o(.text)
    EXTI_DeInit                              0x08000d95   Thumb Code    28  stm32f10x_exti.o(.text)
    EXTI_Init                                0x08000db1   Thumb Code   108  stm32f10x_exti.o(.text)
    EXTI_StructInit                          0x08000e1d   Thumb Code    14  stm32f10x_exti.o(.text)
    EXTI_GenerateSWInterrupt                 0x08000e2b   Thumb Code    12  stm32f10x_exti.o(.text)
    EXTI_GetFlagStatus                       0x08000e37   Thumb Code    18  stm32f10x_exti.o(.text)
    EXTI_ClearFlag                           0x08000e49   Thumb Code     8  stm32f10x_exti.o(.text)
    EXTI_GetITStatus                         0x08000e51   Thumb Code    28  stm32f10x_exti.o(.text)
    EXTI_ClearITPendingBit                   0x08000e6d   Thumb Code     8  stm32f10x_exti.o(.text)
    I2C_DeInit                               0x08000e7d   Thumb Code    38  stm32f10x_i2c.o(.text)
    I2C_Init                                 0x08000ea3   Thumb Code   178  stm32f10x_i2c.o(.text)
    I2C_StructInit                           0x08000f55   Thumb Code    28  stm32f10x_i2c.o(.text)
    I2C_Cmd                                  0x08000f71   Thumb Code    20  stm32f10x_i2c.o(.text)
    I2C_DMACmd                               0x08000f85   Thumb Code    20  stm32f10x_i2c.o(.text)
    I2C_DMALastTransferCmd                   0x08000f99   Thumb Code    20  stm32f10x_i2c.o(.text)
    I2C_GenerateSTART                        0x08000fad   Thumb Code    20  stm32f10x_i2c.o(.text)
    I2C_GenerateSTOP                         0x08000fc1   Thumb Code    20  stm32f10x_i2c.o(.text)
    I2C_AcknowledgeConfig                    0x08000fd5   Thumb Code    20  stm32f10x_i2c.o(.text)
    I2C_OwnAddress2Config                    0x08000fe9   Thumb Code    16  stm32f10x_i2c.o(.text)
    I2C_DualAddressCmd                       0x08000ff9   Thumb Code    20  stm32f10x_i2c.o(.text)
    I2C_GeneralCallCmd                       0x0800100d   Thumb Code    20  stm32f10x_i2c.o(.text)
    I2C_ITConfig                             0x08001021   Thumb Code    16  stm32f10x_i2c.o(.text)
    I2C_SendData                             0x08001031   Thumb Code     4  stm32f10x_i2c.o(.text)
    I2C_ReceiveData                          0x08001035   Thumb Code     6  stm32f10x_i2c.o(.text)
    I2C_Send7bitAddress                      0x0800103b   Thumb Code    16  stm32f10x_i2c.o(.text)
    I2C_ReadRegister                         0x0800104b   Thumb Code    10  stm32f10x_i2c.o(.text)
    I2C_SoftwareResetCmd                     0x08001055   Thumb Code    20  stm32f10x_i2c.o(.text)
    I2C_NACKPositionConfig                   0x08001069   Thumb Code    22  stm32f10x_i2c.o(.text)
    I2C_SMBusAlertConfig                     0x0800107f   Thumb Code    22  stm32f10x_i2c.o(.text)
    I2C_TransmitPEC                          0x08001095   Thumb Code    20  stm32f10x_i2c.o(.text)
    I2C_PECPositionConfig                    0x080010a9   Thumb Code    22  stm32f10x_i2c.o(.text)
    I2C_CalculatePEC                         0x080010bf   Thumb Code    20  stm32f10x_i2c.o(.text)
    I2C_GetPEC                               0x080010d3   Thumb Code     6  stm32f10x_i2c.o(.text)
    I2C_ARPCmd                               0x080010d9   Thumb Code    20  stm32f10x_i2c.o(.text)
    I2C_StretchClockCmd                      0x080010ed   Thumb Code    20  stm32f10x_i2c.o(.text)
    I2C_FastModeDutyCycleConfig              0x08001101   Thumb Code    22  stm32f10x_i2c.o(.text)
    I2C_CheckEvent                           0x08001117   Thumb Code    24  stm32f10x_i2c.o(.text)
    I2C_GetLastEvent                         0x0800112f   Thumb Code    14  stm32f10x_i2c.o(.text)
    I2C_GetFlagStatus                        0x0800113d   Thumb Code    42  stm32f10x_i2c.o(.text)
    I2C_ClearFlag                            0x08001167   Thumb Code     6  stm32f10x_i2c.o(.text)
    I2C_GetITStatus                          0x0800116d   Thumb Code    36  stm32f10x_i2c.o(.text)
    I2C_ClearITPendingBit                    0x08001191   Thumb Code     6  stm32f10x_i2c.o(.text)
    Delay_Init                               0x080011a5   Thumb Code    26  delay.o(.text)
    delay_us                                 0x080011bf   Thumb Code    36  delay.o(.text)
    delay_ms                                 0x080011e3   Thumb Code    40  delay.o(.text)
    DS18B20_Rst                              0x08001211   Thumb Code    54  ds18b20.o(.text)
    DS18B20_Check                            0x08001247   Thumb Code    90  ds18b20.o(.text)
    DS18B20_Read_Bit                         0x080012a1   Thumb Code    86  ds18b20.o(.text)
    DS18B20_Read_Byte                        0x080012f7   Thumb Code    30  ds18b20.o(.text)
    DS18B20_Write_Byte                       0x08001315   Thumb Code    88  ds18b20.o(.text)
    DS18B20_Start                            0x0800136d   Thumb Code    24  ds18b20.o(.text)
    DS18B20_Init                             0x08001385   Thumb Code    60  ds18b20.o(.text)
    DS18B20_Get_Temp                         0x080013c1   Thumb Code   100  ds18b20.o(.text)
    I2C1_Configuration                       0x08001431   Thumb Code   110  oled_i2c.o(.text)
    I2C_WriteByte                            0x0800149f   Thumb Code   130  oled_i2c.o(.text)
    WriteCmd                                 0x08001521   Thumb Code     6  oled_i2c.o(.text)
    WriteDat                                 0x08001527   Thumb Code     6  oled_i2c.o(.text)
    OLED_Init                                0x0800152d   Thumb Code   180  oled_i2c.o(.text)
    OLED_SetPos                              0x080015e1   Thumb Code    36  oled_i2c.o(.text)
    OLED_Fill                                0x08001605   Thumb Code    54  oled_i2c.o(.text)
    OLED_CLS                                 0x0800163b   Thumb Code     4  oled_i2c.o(.text)
    OLED_ON                                  0x0800163f   Thumb Code    22  oled_i2c.o(.text)
    OLED_OFF                                 0x08001655   Thumb Code    22  oled_i2c.o(.text)
    OLED_ShowChar                            0x0800166b   Thumb Code   174  oled_i2c.o(.text)
    OLED_ShowStr                             0x08001719   Thumb Code   198  oled_i2c.o(.text)
    OLED_ShowCN                              0x080017df   Thumb Code    84  oled_i2c.o(.text)
    OLED_DrawBMP                             0x08001833   Thumb Code    94  oled_i2c.o(.text)
    OLED_DrawPoint                           0x08001891   Thumb Code    72  oled_i2c.o(.text)
    OLED_DrawLine                            0x080018d9   Thumb Code   120  oled_i2c.o(.text)
    Display_GPS                              0x08001955   Thumb Code    62  display.o(.text)
    Display_Items                            0x08001993   Thumb Code   138  display.o(.text)
    DisplayWifi_State                        0x08001a1d   Thumb Code   128  display.o(.text)
    DisplayOneNet                            0x08001a9d   Thumb Code   160  display.o(.text)
    DisplayGPS                               0x08001b3d   Thumb Code  1214  display.o(.text)
    DisplayTime                              0x08001ffb   Thumb Code   674  display.o(.text)
    DisplayTemperature                       0x0800229d   Thumb Code   364  display.o(.text)
    DisplayHealth_Rate                       0x08002409   Thumb Code   326  display.o(.text)
    Display_Blood_oxygen                     0x0800254f   Thumb Code   354  display.o(.text)
    DAT_MODE_OUT                             0x080026b1   Thumb Code    32  ds1302.o(.text)
    DAT_MODE_IN                              0x080026d1   Thumb Code    26  ds1302.o(.text)
    DS1302_GPIO_Init                         0x080026eb   Thumb Code    50  ds1302.o(.text)
    DS1302_WriteOneByte                      0x0800271d   Thumb Code    82  ds1302.o(.text)
    DS1302_WriteByte                         0x0800276f   Thumb Code    84  ds1302.o(.text)
    DS1302_ReadByte                          0x080027c3   Thumb Code   150  ds1302.o(.text)
    DS1302_DateSet                           0x08002859   Thumb Code   222  ds1302.o(.text)
    DS1302_DateRead                          0x08002937   Thumb Code   204  ds1302.o(.text)
    DS1302_Init                              0x08002a03   Thumb Code    72  ds1302.o(.text)
    maxim_max30102_read_reg                  0x08002a51   Thumb Code    76  max30102.o(.text)
    maxim_max30102_read_fifo                 0x08002a9d   Thumb Code   214  max30102.o(.text)
    maxim_max30102_write_reg                 0x08002b73   Thumb Code    62  max30102.o(.text)
    maxim_max30102_init                      0x08002bb1   Thumb Code   138  max30102.o(.text)
    maxim_max30102_reset                     0x08002c3b   Thumb Code    18  max30102.o(.text)
    Init_MAX30102                            0x08002c4d   Thumb Code   122  max30102.o(.text)
    GetHeartRateSpO2                         0x08002cc7   Thumb Code   788  max30102.o(.text)
    i2c_Stop                                 0x08002fe1   Thumb Code    32  myiic.o(.text)
    bsp_InitI2C                              0x08003001   Thumb Code    62  myiic.o(.text)
    i2c_Start                                0x0800303f   Thumb Code    38  myiic.o(.text)
    i2c_SendByte                             0x08003065   Thumb Code    80  myiic.o(.text)
    i2c_ReadByte                             0x080030b5   Thumb Code    68  myiic.o(.text)
    i2c_WaitAck                              0x080030f9   Thumb Code    52  myiic.o(.text)
    i2c_Ack                                  0x0800312d   Thumb Code    38  myiic.o(.text)
    i2c_NAck                                 0x08003153   Thumb Code    36  myiic.o(.text)
    i2c_CheckDevice                          0x08003177   Thumb Code    48  myiic.o(.text)
    maxim_sort_ascend                        0x080031b9   Thumb Code    48  algorithm.o(.text)
    maxim_sort_indices_descend               0x080031e9   Thumb Code    56  algorithm.o(.text)
    maxim_remove_close_peaks                 0x08003221   Thumb Code   100  algorithm.o(.text)
    maxim_peaks_above_min_height             0x08003285   Thumb Code   132  algorithm.o(.text)
    maxim_find_peaks                         0x08003309   Thumb Code    50  algorithm.o(.text)
    maxim_heart_rate_and_oxygen_saturation   0x0800333b   Thumb Code   590  algorithm.o(.text)
    CLR_Buf                                  0x08003595   Thumb Code    18  usart1.o(.text)
    uart1_Init                               0x080035a7   Thumb Code   184  usart1.o(.text)
    USART1_IRQHandler                        0x0800365f   Thumb Code   124  usart1.o(.text)
    errorLog                                 0x080036ed   Thumb Code    30  atgm336h.o(.text)
    ATGM336_Init                             0x0800370b   Thumb Code   158  atgm336h.o(.text)
    GPS_Init                                 0x080037a9   Thumb Code    50  atgm336h.o(.text)
    ATGM336_Baisc_Init                       0x080037db   Thumb Code    48  atgm336h.o(.text)
    GetsGpsBuffer                            0x0800380b   Thumb Code   186  atgm336h.o(.text)
    ParseGpsBuffer                           0x080038c5   Thumb Code   182  atgm336h.o(.text)
    Read_Data                                0x0800397b   Thumb Code    12  atgm336h.o(.text)
    Usart2_Init                              0x080039c9   Thumb Code   182  usart2.o(.text)
    Usart2_IDELInit                          0x08003a7f   Thumb Code   192  usart2.o(.text)
    u2_printf                                0x08003b3f   Thumb Code    60  usart2.o(.text)
    u2_TxData                                0x08003b7b   Thumb Code    34  usart2.o(.text)
    Usart_SendString                         0x08003b9d   Thumb Code    56  usart2.o(.text)
    Wifi_printf                              0x08003bd5   Thumb Code    48  usart2.o(.text)
    ok_int                                   0x08003c19   Thumb Code    62  key.o(.text)
    home_int                                 0x08003c57   Thumb Code    64  key.o(.text)
    KEY_Init                                 0x08003c97   Thumb Code    90  key.o(.text)
    KEY_Scan                                 0x08003cf1   Thumb Code   166  key.o(.text)
    KeySettings_Time                         0x08003d97   Thumb Code   716  key.o(.text)
    KeySetting_Contrl                        0x08004063   Thumb Code   308  key.o(.text)
    Init                                     0x08004197   Thumb Code    22  key.o(.text)
    EXTI4_IRQHandler                         0x080041ad   Thumb Code    28  key.o(.text)
    EXTI0_IRQHandler                         0x080041c9   Thumb Code    36  key.o(.text)
    Buzzer_Init_on                           0x08004209   Thumb Code    32  buzzer.o(.text)
    Buzzer_init                              0x08004229   Thumb Code    52  buzzer.o(.text)
    Buzzer_Error_on                          0x0800425d   Thumb Code     8  buzzer.o(.text)
    Buzzer_Cmp_f                             0x08004265   Thumb Code    26  buzzer.o(.text)
    Buzzer_Cmp                               0x0800427f   Thumb Code    42  buzzer.o(.text)
    Init_Statute                             0x080042ad   Thumb Code    52  main.o(.text)
    Hardware_Init                            0x080042e1   Thumb Code   302  main.o(.text)
    main                                     0x0800440f   Thumb Code    34  main.o(.text)
    NetWork_Rst                              0x0800445d   Thumb Code    22  onenet.o(.text)
    OneNet_Init                              0x08004473   Thumb Code   106  onenet.o(.text)
    OneNet_DevLink                           0x080046a7   Thumb Code   276  onenet.o(.text)
    OneNet_Link                              0x080047bb   Thumb Code    50  onenet.o(.text)
    OneNet_DevLink_Rst                       0x080047ed   Thumb Code    20  onenet.o(.text)
    OneNet_FillBuf1                          0x08004801   Thumb Code   896  onenet.o(.text)
    OneNet_FillBuf2                          0x08004b81   Thumb Code   156  onenet.o(.text)
    OneNet_SendData                          0x08004c1d   Thumb Code   110  onenet.o(.text)
    OneNET_Publish                           0x08004c8b   Thumb Code    72  onenet.o(.text)
    OneNET_Subscribe                         0x08004cd3   Thumb Code    78  onenet.o(.text)
    OneNet_RevPro                            0x08004d21   Thumb Code   276  onenet.o(.text)
    OneNet_Config                            0x08004e35   Thumb Code    48  onenet.o(.text)
    ft                                       0x08004fad   Thumb Code    56  hmac_sha1.o(.text)
    k                                        0x08004fe5   Thumb Code    34  hmac_sha1.o(.text)
    rotr                                     0x08005007   Thumb Code    30  hmac_sha1.o(.text)
    rotl                                     0x08005025   Thumb Code    28  hmac_sha1.o(.text)
    sha1                                     0x08005041   Thumb Code   432  hmac_sha1.o(.text)
    hmac_sha1                                0x080051f1   Thumb Code   244  hmac_sha1.o(.text)
    BASE64_Encode                            0x08005301   Thumb Code   270  base64.o(.text)
    BASE64_Decode                            0x0800540f   Thumb Code   300  base64.o(.text)
    MQTT_NewBuffer                           0x08005541   Thumb Code    82  mqttkit.o(.text)
    MQTT_DeleteBuffer                        0x08005593   Thumb Code    28  mqttkit.o(.text)
    MQTT_DumpLength                          0x080055af   Thumb Code    34  mqttkit.o(.text)
    MQTT_ReadLength                          0x080055d1   Thumb Code    62  mqttkit.o(.text)
    MQTT_UnPacketRecv                        0x0800560f   Thumb Code    86  mqttkit.o(.text)
    MQTT_PacketConnect                       0x08005665   Thumb Code   606  mqttkit.o(.text)
    MQTT_PacketDisConnect                    0x080058c3   Thumb Code    44  mqttkit.o(.text)
    MQTT_UnPacketConnectAck                  0x080058ef   Thumb Code    26  mqttkit.o(.text)
    MQTT_PacketPublish                       0x08005909   Thumb Code   358  mqttkit.o(.text)
    MQTT_PacketSaveData                      0x08005a6f   Thumb Code    56  mqttkit.o(.text)
    MQTT_PacketSaveBinData                   0x08005aa7   Thumb Code   152  mqttkit.o(.text)
    MQTT_UnPacketCmd                         0x08005b3f   Thumb Code   130  mqttkit.o(.text)
    MQTT_PacketCmdResp                       0x08005bc1   Thumb Code   114  mqttkit.o(.text)
    MQTT_PacketSubscribe                     0x08005c33   Thumb Code   220  mqttkit.o(.text)
    MQTT_UnPacketSubscribe                   0x08005d0f   Thumb Code    44  mqttkit.o(.text)
    MQTT_PacketUnSubscribe                   0x08005d3b   Thumb Code   208  mqttkit.o(.text)
    MQTT_UnPacketUnSubscribe                 0x08005e0b   Thumb Code    20  mqttkit.o(.text)
    MQTT_UnPacketPublish                     0x08005e1f   Thumb Code   420  mqttkit.o(.text)
    MQTT_PacketPublishAck                    0x08005fc3   Thumb Code    70  mqttkit.o(.text)
    MQTT_UnPacketPublishAck                  0x08006009   Thumb Code    24  mqttkit.o(.text)
    MQTT_PacketPublishRec                    0x08006021   Thumb Code    70  mqttkit.o(.text)
    MQTT_UnPacketPublishRec                  0x08006067   Thumb Code    24  mqttkit.o(.text)
    MQTT_PacketPublishRel                    0x0800607f   Thumb Code    70  mqttkit.o(.text)
    MQTT_UnPacketPublishRel                  0x080060c5   Thumb Code    30  mqttkit.o(.text)
    MQTT_PacketPublishComp                   0x080060e3   Thumb Code    70  mqttkit.o(.text)
    MQTT_UnPacketPublishComp                 0x08006129   Thumb Code    24  mqttkit.o(.text)
    MQTT_PacketPing                          0x08006141   Thumb Code    44  mqttkit.o(.text)
    ESP8266_Rst                              0x0800616d   Thumb Code    22  esp8266.o(.text)
    ESP8266_Clear                            0x08006183   Thumb Code    20  esp8266.o(.text)
    ESP8266_WaitRecive                       0x08006197   Thumb Code    26  esp8266.o(.text)
    ESP8266_SendCmd                          0x080061b1   Thumb Code   122  esp8266.o(.text)
    ESP8266_Init                             0x0800622b   Thumb Code   500  esp8266.o(.text)
    ESP8266_GPIO_Init                        0x0800641f   Thumb Code    68  esp8266.o(.text)
    Wifi_Init                                0x08006463   Thumb Code    40  esp8266.o(.text)
    ESP8266_SendData                         0x0800648b   Thumb Code    48  esp8266.o(.text)
    ESP8266_GetIPD                           0x080064bb   Thumb Code    50  esp8266.o(.text)
    USART2_IRQHandler                        0x080064ed   Thumb Code    62  esp8266.o(.text)
    __aeabi_memcpy                           0x080065fd   Thumb Code    36  memcpya.o(.text)
    __aeabi_memcpy4                          0x080065fd   Thumb Code     0  memcpya.o(.text)
    __aeabi_memcpy8                          0x080065fd   Thumb Code     0  memcpya.o(.text)
    __aeabi_memset                           0x08006621   Thumb Code    14  memseta.o(.text)
    __aeabi_memset4                          0x08006621   Thumb Code     0  memseta.o(.text)
    __aeabi_memset8                          0x08006621   Thumb Code     0  memseta.o(.text)
    __aeabi_memclr                           0x0800662f   Thumb Code     4  memseta.o(.text)
    __aeabi_memclr4                          0x0800662f   Thumb Code     0  memseta.o(.text)
    __aeabi_memclr8                          0x0800662f   Thumb Code     0  memseta.o(.text)
    _memset$wrapper                          0x08006633   Thumb Code    18  memseta.o(.text)
    strcat                                   0x08006645   Thumb Code    24  strcat.o(.text)
    strstr                                   0x0800665d   Thumb Code    36  strstr.o(.text)
    strchr                                   0x08006681   Thumb Code    20  strchr.o(.text)
    strlen                                   0x08006695   Thumb Code    14  strlen.o(.text)
    strncat                                  0x080066a3   Thumb Code    40  strncat.o(.text)
    strcpy                                   0x080066cb   Thumb Code    18  strcpy.o(.text)
    atoi                                     0x080066dd   Thumb Code    26  atoi.o(.text)
    __aeabi_fadd                             0x080066f7   Thumb Code   164  fadd.o(.text)
    __aeabi_fsub                             0x0800679b   Thumb Code     6  fadd.o(.text)
    __aeabi_frsub                            0x080067a1   Thumb Code     6  fadd.o(.text)
    __aeabi_fmul                             0x080067a7   Thumb Code   100  fmul.o(.text)
    __aeabi_fdiv                             0x0800680b   Thumb Code   124  fdiv.o(.text)
    __aeabi_dmul                             0x08006887   Thumb Code   228  dmul.o(.text)
    __aeabi_i2f                              0x0800696b   Thumb Code    18  fflti.o(.text)
    __aeabi_ui2f                             0x0800697d   Thumb Code    10  ffltui.o(.text)
    __aeabi_i2d                              0x08006987   Thumb Code    34  dflti.o(.text)
    __aeabi_f2iz                             0x080069a9   Thumb Code    50  ffixi.o(.text)
    __aeabi_f2uiz                            0x080069db   Thumb Code    40  ffixui.o(.text)
    __aeabi_d2iz                             0x08006a03   Thumb Code    62  dfixi.o(.text)
    __aeabi_f2d                              0x08006a41   Thumb Code    38  f2d.o(.text)
    __aeabi_d2f                              0x08006a67   Thumb Code    56  d2f.o(.text)
    __aeabi_cfrcmple                         0x08006aa1   Thumb Code    20  cfrcmple.o(.text)
    __aeabi_uidiv                            0x08006ab5   Thumb Code     0  uidiv.o(.text)
    __aeabi_uidivmod                         0x08006ab5   Thumb Code    44  uidiv.o(.text)
    __aeabi_uldivmod                         0x08006ae1   Thumb Code    98  uldiv.o(.text)
    __aeabi_llsr                             0x08006b43   Thumb Code    32  llushr.o(.text)
    _ll_ushift_r                             0x08006b43   Thumb Code     0  llushr.o(.text)
    __strtod_int                             0x08006b9b   Thumb Code    90  strtod.o(.text)
    strtol                                   0x08006c01   Thumb Code   112  strtol.o(.text)
    __I$use$fp                               0x08006c71   Thumb Code     0  iusefp.o(.text)
    _float_round                             0x08006c71   Thumb Code    18  fepilogue.o(.text)
    _float_epilogue                          0x08006c83   Thumb Code    92  fepilogue.o(.text)
    _double_round                            0x08006cdf   Thumb Code    30  depilogue.o(.text)
    _double_epilogue                         0x08006cfd   Thumb Code   156  depilogue.o(.text)
    __aeabi_dadd                             0x08006d99   Thumb Code   322  dadd.o(.text)
    __aeabi_dsub                             0x08006edb   Thumb Code     6  dadd.o(.text)
    __aeabi_drsub                            0x08006ee1   Thumb Code     6  dadd.o(.text)
    __aeabi_ddiv                             0x08006ee7   Thumb Code   222  ddiv.o(.text)
    __aeabi_d2ulz                            0x08006fc5   Thumb Code    48  dfixul.o(.text)
    __aeabi_cdrcmple                         0x08006ff5   Thumb Code    48  cdrcmple.o(.text)
    __scatterload                            0x08007025   Thumb Code    28  init.o(.text)
    __scatterload_rt2                        0x08007025   Thumb Code     0  init.o(.text)
    __aeabi_llsl                             0x08007049   Thumb Code    30  llshl.o(.text)
    __semihosting_library_function           0x08007049   Thumb Code     0  semi.o(.text)
    _ll_shift_l                              0x08007049   Thumb Code     0  llshl.o(.text)
    __aeabi_lasr                             0x08007067   Thumb Code    36  llsshr.o(.text)
    _ll_sshift_r                             0x08007067   Thumb Code     0  llsshr.o(.text)
    __rt_ctype_table                         0x0800708d   Thumb Code     4  ctype_o.o(.text)
    isspace                                  0x08007095   Thumb Code    18  isspace_o.o(.text)
    _scanf_real                              0x080071d1   Thumb Code     0  scanf_fp.o(.text)
    _scanf_really_real                       0x080071d1   Thumb Code   556  scanf_fp.o(.text)
    _sgetc                                   0x08007409   Thumb Code    30  _sgetc.o(.text)
    _sbackspace                              0x08007427   Thumb Code    34  _sgetc.o(.text)
    _strtoul                                 0x08007449   Thumb Code   158  _strtoul.o(.text)
    __I$use$semihosting$fputc                0x080074e7   Thumb Code     0  iusesemip.o(.text)
    _chval                                   0x080074e7   Thumb Code    28  _chval.o(.text)
    __aeabi_ul2d                             0x08007503   Thumb Code    24  dfltul.o(.text)
    __decompress                             0x0800751b   Thumb Code     0  __dclz77c.o(.text)
    __decompress2                            0x0800751b   Thumb Code    94  __dclz77c.o(.text)
    __0printf                                0x08007579   Thumb Code    22  printfa.o(i.__0printf)
    __1printf                                0x08007579   Thumb Code     0  printfa.o(i.__0printf)
    __2printf                                0x08007579   Thumb Code     0  printfa.o(i.__0printf)
    __c89printf                              0x08007579   Thumb Code     0  printfa.o(i.__0printf)
    printf                                   0x08007579   Thumb Code     0  printfa.o(i.__0printf)
    __0snprintf                              0x08007599   Thumb Code    48  printfa.o(i.__0snprintf)
    __1snprintf                              0x08007599   Thumb Code     0  printfa.o(i.__0snprintf)
    __2snprintf                              0x08007599   Thumb Code     0  printfa.o(i.__0snprintf)
    __c89snprintf                            0x08007599   Thumb Code     0  printfa.o(i.__0snprintf)
    snprintf                                 0x08007599   Thumb Code     0  printfa.o(i.__0snprintf)
    __0sprintf                               0x080075cd   Thumb Code    34  printfa.o(i.__0sprintf)
    __1sprintf                               0x080075cd   Thumb Code     0  printfa.o(i.__0sprintf)
    __2sprintf                               0x080075cd   Thumb Code     0  printfa.o(i.__0sprintf)
    __c89sprintf                             0x080075cd   Thumb Code     0  printfa.o(i.__0sprintf)
    sprintf                                  0x080075cd   Thumb Code     0  printfa.o(i.__0sprintf)
    __0vsprintf                              0x080075f5   Thumb Code    30  printfa.o(i.__0vsprintf)
    __1vsprintf                              0x080075f5   Thumb Code     0  printfa.o(i.__0vsprintf)
    __2vsprintf                              0x080075f5   Thumb Code     0  printfa.o(i.__0vsprintf)
    __c89vsprintf                            0x080075f5   Thumb Code     0  printfa.o(i.__0vsprintf)
    vsprintf                                 0x080075f5   Thumb Code     0  printfa.o(i.__0vsprintf)
    __aeabi_errno_addr                       0x08007619   Thumb Code     4  errno.o(i.__aeabi_errno_addr)
    __rt_errno_addr                          0x08007619   Thumb Code     0  errno.o(i.__aeabi_errno_addr)
    __read_errno                             0x08007621   Thumb Code     6  errno.o(i.__read_errno)
    __scatterload_copy                       0x0800762d   Thumb Code    14  handlers.o(i.__scatterload_copy)
    __scatterload_null                       0x0800763b   Thumb Code     2  handlers.o(i.__scatterload_null)
    __scatterload_zeroinit                   0x0800763d   Thumb Code    14  handlers.o(i.__scatterload_zeroinit)
    __set_errno                              0x0800764d   Thumb Code     6  errno.o(i.__set_errno)
    _is_digit                                0x080077dd   Thumb Code    14  scanf_fp.o(i._is_digit)
    atof                                     0x08007f13   Thumb Code    42  atof.o(i.atof)
    fputc                                    0x08007f3d   Thumb Code    18  fputc.o(i.fputc)
    free                                     0x08007f51   Thumb Code    76  malloc.o(i.free)
    malloc                                   0x08007fa1   Thumb Code    92  malloc.o(i.malloc)
    F6x8                                     0x0800800c   Data         558  oled_i2c.o(.constdata)
    F8X16                                    0x0800823a   Data        1520  oled_i2c.o(.constdata)
    uch_spo2_table                           0x0800882a   Data         184  algorithm.o(.constdata)
    __ctype_table                            0x08008c60   Data         129  ctype_o.o(.constdata)
    Region$$Table$$Base                      0x08008d74   Number         0  anon$$obj.o(Region$$Table)
    Region$$Table$$Limit                     0x08008d94   Number         0  anon$$obj.o(Region$$Table)
    SystemCoreClock                          0x20000000   Data           4  system_stm32f10x.o(.data)
    AHBPrescTable                            0x20000004   Data          16  system_stm32f10x.o(.data)
    UsCount                                  0x20000028   Data           1  delay.o(.data)
    MsCount                                  0x2000002a   Data           2  delay.o(.data)
    F16x16                                   0x2000002c   Data        1280  oled_i2c.o(.data)
    timeCount                                0x2000052c   Data           2  display.o(.data)
    temMax                                   0x2000052e   Data           2  display.o(.data)
    dataPtr                                  0x20000530   Data           4  display.o(.data)
    hrMax                                    0x20000534   Data           4  display.o(.data)
    spo2Min                                  0x20000538   Data           4  display.o(.data)
    time                                     0x2000053c   Data           4  display.o(.data)
    Temperature                              0x20000540   Data           4  display.o(.data)
    SysDate                                  0x20000544   Data           8  ds1302.o(.data)
    uch_dummy                                0x2000054d   Data           1  max30102.o(.data)
    ch_spo2_valid                            0x2000054e   Data           1  max30102.o(.data)
    ch_hr_valid                              0x2000054f   Data           1  max30102.o(.data)
    hrValidCnt                               0x20000550   Data           4  max30102.o(.data)
    hrTimeout                                0x20000554   Data           4  max30102.o(.data)
    spo2Avg                                  0x20000558   Data           4  max30102.o(.data)
    spo2ValidCnt                             0x2000055c   Data           4  max30102.o(.data)
    spo2ThrowOutSamp                         0x20000560   Data           4  max30102.o(.data)
    spo2Timeout                              0x20000564   Data           4  max30102.o(.data)
    hrThrowOutSamp                           0x20000568   Data           4  max30102.o(.data)
    n_spo2                                   0x2000056c   Data           4  max30102.o(.data)
    n_ir_buffer_length                       0x20000570   Data           4  max30102.o(.data)
    n_heart_rate                             0x20000574   Data           4  max30102.o(.data)
    hrSum                                    0x20000578   Data           4  max30102.o(.data)
    hrAvg                                    0x2000057c   Data           4  max30102.o(.data)
    spo2Sum                                  0x20000580   Data           4  max30102.o(.data)
    spo2BuffFilled                           0x20000584   Data           4  max30102.o(.data)
    hrBuffFilled                             0x20000588   Data           4  max30102.o(.data)
    un_min                                   0x2000058c   Data           4  max30102.o(.data)
    un_max                                   0x20000590   Data           4  max30102.o(.data)
    un_prev_data                             0x20000594   Data           4  max30102.o(.data)
    un_brightness                            0x20000598   Data           4  max30102.o(.data)
    DataIndex                                0x2000059c   Data           4  usart1.o(.data)
    GPS_state                                0x200005a0   Data           1  atgm336h.o(.data)
    longitude_int                            0x200005a1   Data           1  atgm336h.o(.data)
    latitude_int                             0x200005a2   Data           1  atgm336h.o(.data)
    longitude_sum                            0x200005a4   Data           4  atgm336h.o(.data)
    latitude_sum                             0x200005a8   Data           4  atgm336h.o(.data)
    DMA_flag                                 0x200005ac   Data           1  usart2.o(.data)
    keynum                                   0x200005ad   Data           1  key.o(.data)
    temperature                              0x200005af   Data           1  main.o(.data)
    p_r                                      0x200005b0   Data           1  main.o(.data)
    setm                                     0x200005b1   Data           1  main.o(.data)
    setc                                     0x200005b2   Data           1  main.o(.data)
    setn                                     0x200005b3   Data           1  main.o(.data)
    OneNet_state                             0x200005b4   Data           1  onenet.o(.data)
    Wifi_state                               0x200005b8   Data           1  esp8266.o(.data)
    esp8266_cnt                              0x200005ba   Data           2  esp8266.o(.data)
    esp8266_cntPre                           0x200005bc   Data           2  esp8266.o(.data)
    __stdout                                 0x200005c0   Data           4  stdout.o(.data)
    __microlib_freelist                      0x200005c4   Data           4  mvars.o(.data)
    __microlib_freelist_initialised          0x200005c8   Data           4  mvars.o(.data)
    framebuffer                              0x200005d0   Data        1024  oled_i2c.o(.bss)
    spo2_buf                                 0x200009d0   Data          64  max30102.o(.bss)
    hr_buf                                   0x20000a10   Data          64  max30102.o(.bss)
    aun_ir_buffer                            0x20000a50   Data         600  max30102.o(.bss)
    aun_red_buffer                           0x20000ca8   Data         600  max30102.o(.bss)
    Save_Data                                0x200013b0   Data         121  usart1.o(.bss)
    USART_RX1_BUF                            0x20001429   Data         200  usart1.o(.bss)
    USART2_TxBuff                            0x200014f8   Data        1024  usart2.o(.bss)
    esp8266_buf                              0x200018f8   Data         512  esp8266.o(.bss)
    __heap_base                              0x20001af8   Data           0  startup_stm32f10x_hd.o(HEAP)
    __heap_limit                             0x200026f8   Data           0  startup_stm32f10x_hd.o(HEAP)
    __initial_sp                             0x200032f8   Data           0  startup_stm32f10x_hd.o(STACK)



==============================================================================

Memory Map of the image

  Image Entry point : 0x08000131

  Load Region LR_IROM1 (Base: 0x08000000, Size: 0x00009364, Max: 0x00010000, ABSOLUTE, COMPRESSED[0x00009164])

    Execution Region ER_IROM1 (Exec base: 0x08000000, Load base: 0x08000000, Size: 0x00008d94, Max: 0x00010000, ABSOLUTE)

    Exec Addr    Load Addr    Size         Type   Attr      Idx    E Section Name        Object

    0x08000000   0x08000000   0x00000130   Data   RO          136    RESET               startup_stm32f10x_hd.o
    0x08000130   0x08000130   0x00000000   Code   RO          968  * .ARM.Collect$$$$00000000  mc_w.l(entry.o)
    0x08000130   0x08000130   0x00000004   Code   RO         1306    .ARM.Collect$$$$00000001  mc_w.l(entry2.o)
    0x08000134   0x08000134   0x00000004   Code   RO         1309    .ARM.Collect$$$$00000004  mc_w.l(entry5.o)
    0x08000138   0x08000138   0x00000000   Code   RO         1311    .ARM.Collect$$$$00000008  mc_w.l(entry7b.o)
    0x08000138   0x08000138   0x00000000   Code   RO         1313    .ARM.Collect$$$$0000000A  mc_w.l(entry8b.o)
    0x08000138   0x08000138   0x00000008   Code   RO         1314    .ARM.Collect$$$$0000000B  mc_w.l(entry9a.o)
    0x08000140   0x08000140   0x00000004   Code   RO         1321    .ARM.Collect$$$$0000000E  mc_w.l(entry12b.o)
    0x08000144   0x08000144   0x00000000   Code   RO         1316    .ARM.Collect$$$$0000000F  mc_w.l(entry10a.o)
    0x08000144   0x08000144   0x00000000   Code   RO         1318    .ARM.Collect$$$$00000011  mc_w.l(entry11a.o)
    0x08000144   0x08000144   0x00000004   Code   RO         1307    .ARM.Collect$$$$00002712  mc_w.l(entry2.o)
    0x08000148   0x08000148   0x00000012   Code   RO           17    .text               stm32f10x_it.o
    0x0800015a   0x0800015a   0x00000002   PAD
    0x0800015c   0x0800015c   0x00000158   Code   RO          116    .text               system_stm32f10x.o
    0x080002b4   0x080002b4   0x00000024   Code   RO          137    .text               startup_stm32f10x_hd.o
    0x080002d8   0x080002d8   0x000000b0   Code   RO          141    .text               misc.o
    0x08000388   0x08000388   0x00000264   Code   RO          179    .text               stm32f10x_gpio.o
    0x080005ec   0x080005ec   0x000002b8   Code   RO          191    .text               stm32f10x_rcc.o
    0x080008a4   0x080008a4   0x00000328   Code   RO          205    .text               stm32f10x_usart.o
    0x08000bcc   0x08000bcc   0x000001c8   Code   RO          301    .text               stm32f10x_dma.o
    0x08000d94   0x08000d94   0x000000e8   Code   RO          313    .text               stm32f10x_exti.o
    0x08000e7c   0x08000e7c   0x00000328   Code   RO          350    .text               stm32f10x_i2c.o
    0x080011a4   0x080011a4   0x0000006c   Code   RO          448    .text               delay.o
    0x08001210   0x08001210   0x00000220   Code   RO          501    .text               ds18b20.o
    0x08001430   0x08001430   0x00000524   Code   RO          517    .text               oled_i2c.o
    0x08001954   0x08001954   0x00000d5c   Code   RO          543    .text               display.o
    0x080026b0   0x080026b0   0x000003a0   Code   RO          607    .text               ds1302.o
    0x08002a50   0x08002a50   0x00000590   Code   RO          626    .text               max30102.o
    0x08002fe0   0x08002fe0   0x000001d8   Code   RO          652    .text               myiic.o
    0x080031b8   0x080031b8   0x000003dc   Code   RO          665    .text               algorithm.o
    0x08003594   0x08003594   0x00000158   Code   RO          685    .text               usart1.o
    0x080036ec   0x080036ec   0x000002dc   Code   RO          706    .text               atgm336h.o
    0x080039c8   0x080039c8   0x00000250   Code   RO          732    .text               usart2.o
    0x08003c18   0x08003c18   0x000005f0   Code   RO          761    .text               key.o
    0x08004208   0x08004208   0x000000a4   Code   RO          781    .text               buzzer.o
    0x080042ac   0x080042ac   0x000001b0   Code   RO          797    .text               main.o
    0x0800445c   0x0800445c   0x00000b50   Code   RO          829    .text               onenet.o
    0x08004fac   0x08004fac   0x00000354   Code   RO          874    .text               hmac_sha1.o
    0x08005300   0x08005300   0x00000240   Code   RO          897    .text               base64.o
    0x08005540   0x08005540   0x00000c2c   Code   RO          918    .text               mqttkit.o
    0x0800616c   0x0800616c   0x00000490   Code   RO          947    .text               esp8266.o
    0x080065fc   0x080065fc   0x00000024   Code   RO          971    .text               mc_w.l(memcpya.o)
    0x08006620   0x08006620   0x00000024   Code   RO          973    .text               mc_w.l(memseta.o)
    0x08006644   0x08006644   0x00000018   Code   RO          975    .text               mc_w.l(strcat.o)
    0x0800665c   0x0800665c   0x00000024   Code   RO          977    .text               mc_w.l(strstr.o)
    0x08006680   0x08006680   0x00000014   Code   RO          979    .text               mc_w.l(strchr.o)
    0x08006694   0x08006694   0x0000000e   Code   RO          981    .text               mc_w.l(strlen.o)
    0x080066a2   0x080066a2   0x00000028   Code   RO          983    .text               mc_w.l(strncat.o)
    0x080066ca   0x080066ca   0x00000012   Code   RO          985    .text               mc_w.l(strcpy.o)
    0x080066dc   0x080066dc   0x0000001a   Code   RO         1278    .text               mc_w.l(atoi.o)
    0x080066f6   0x080066f6   0x000000b0   Code   RO         1280    .text               mf_w.l(fadd.o)
    0x080067a6   0x080067a6   0x00000064   Code   RO         1282    .text               mf_w.l(fmul.o)
    0x0800680a   0x0800680a   0x0000007c   Code   RO         1284    .text               mf_w.l(fdiv.o)
    0x08006886   0x08006886   0x000000e4   Code   RO         1286    .text               mf_w.l(dmul.o)
    0x0800696a   0x0800696a   0x00000012   Code   RO         1288    .text               mf_w.l(fflti.o)
    0x0800697c   0x0800697c   0x0000000a   Code   RO         1290    .text               mf_w.l(ffltui.o)
    0x08006986   0x08006986   0x00000022   Code   RO         1292    .text               mf_w.l(dflti.o)
    0x080069a8   0x080069a8   0x00000032   Code   RO         1294    .text               mf_w.l(ffixi.o)
    0x080069da   0x080069da   0x00000028   Code   RO         1296    .text               mf_w.l(ffixui.o)
    0x08006a02   0x08006a02   0x0000003e   Code   RO         1298    .text               mf_w.l(dfixi.o)
    0x08006a40   0x08006a40   0x00000026   Code   RO         1300    .text               mf_w.l(f2d.o)
    0x08006a66   0x08006a66   0x00000038   Code   RO         1302    .text               mf_w.l(d2f.o)
    0x08006a9e   0x08006a9e   0x00000002   PAD
    0x08006aa0   0x08006aa0   0x00000014   Code   RO         1304    .text               mf_w.l(cfrcmple.o)
    0x08006ab4   0x08006ab4   0x0000002c   Code   RO         1325    .text               mc_w.l(uidiv.o)
    0x08006ae0   0x08006ae0   0x00000062   Code   RO         1327    .text               mc_w.l(uldiv.o)
    0x08006b42   0x08006b42   0x00000020   Code   RO         1329    .text               mc_w.l(llushr.o)
    0x08006b62   0x08006b62   0x00000002   PAD
    0x08006b64   0x08006b64   0x0000009c   Code   RO         1340    .text               mc_w.l(strtod.o)
    0x08006c00   0x08006c00   0x00000070   Code   RO         1342    .text               mc_w.l(strtol.o)
    0x08006c70   0x08006c70   0x00000000   Code   RO         1344    .text               mc_w.l(iusefp.o)
    0x08006c70   0x08006c70   0x0000006e   Code   RO         1345    .text               mf_w.l(fepilogue.o)
    0x08006cde   0x08006cde   0x000000ba   Code   RO         1347    .text               mf_w.l(depilogue.o)
    0x08006d98   0x08006d98   0x0000014e   Code   RO         1349    .text               mf_w.l(dadd.o)
    0x08006ee6   0x08006ee6   0x000000de   Code   RO         1351    .text               mf_w.l(ddiv.o)
    0x08006fc4   0x08006fc4   0x00000030   Code   RO         1353    .text               mf_w.l(dfixul.o)
    0x08006ff4   0x08006ff4   0x00000030   Code   RO         1355    .text               mf_w.l(cdrcmple.o)
    0x08007024   0x08007024   0x00000024   Code   RO         1357    .text               mc_w.l(init.o)
    0x08007048   0x08007048   0x00000000   Code   RO         1359    .text               mc_w.l(semi.o)
    0x08007048   0x08007048   0x0000001e   Code   RO         1360    .text               mc_w.l(llshl.o)
    0x08007066   0x08007066   0x00000024   Code   RO         1362    .text               mc_w.l(llsshr.o)
    0x0800708a   0x0800708a   0x00000002   PAD
    0x0800708c   0x0800708c   0x00000008   Code   RO         1366    .text               mc_w.l(ctype_o.o)
    0x08007094   0x08007094   0x00000012   Code   RO         1388    .text               mc_w.l(isspace_o.o)
    0x080070a6   0x080070a6   0x00000002   PAD
    0x080070a8   0x080070a8   0x00000360   Code   RO         1394    .text               mc_w.l(scanf_fp.o)
    0x08007408   0x08007408   0x00000040   Code   RO         1398    .text               mc_w.l(_sgetc.o)
    0x08007448   0x08007448   0x0000009e   Code   RO         1400    .text               mc_w.l(_strtoul.o)
    0x080074e6   0x080074e6   0x00000000   Code   RO         1402    .text               mc_w.l(iusesemip.o)
    0x080074e6   0x080074e6   0x0000001c   Code   RO         1406    .text               mc_w.l(_chval.o)
    0x08007502   0x08007502   0x00000018   Code   RO         1408    .text               mf_w.l(dfltul.o)
    0x0800751a   0x0800751a   0x0000005e   Code   RO         1418    .text               mc_w.l(__dclz77c.o)
    0x08007578   0x08007578   0x00000020   Code   RO         1222    i.__0printf         mc_w.l(printfa.o)
    0x08007598   0x08007598   0x00000034   Code   RO         1223    i.__0snprintf       mc_w.l(printfa.o)
    0x080075cc   0x080075cc   0x00000028   Code   RO         1224    i.__0sprintf        mc_w.l(printfa.o)
    0x080075f4   0x080075f4   0x00000024   Code   RO         1228    i.__0vsprintf       mc_w.l(printfa.o)
    0x08007618   0x08007618   0x00000008   Code   RO         1333    i.__aeabi_errno_addr  mc_w.l(errno.o)
    0x08007620   0x08007620   0x0000000c   Code   RO         1334    i.__read_errno      mc_w.l(errno.o)
    0x0800762c   0x0800762c   0x0000000e   Code   RO         1412    i.__scatterload_copy  mc_w.l(handlers.o)
    0x0800763a   0x0800763a   0x00000002   Code   RO         1413    i.__scatterload_null  mc_w.l(handlers.o)
    0x0800763c   0x0800763c   0x0000000e   Code   RO         1414    i.__scatterload_zeroinit  mc_w.l(handlers.o)
    0x0800764a   0x0800764a   0x00000002   PAD
    0x0800764c   0x0800764c   0x0000000c   Code   RO         1335    i.__set_errno       mc_w.l(errno.o)
    0x08007658   0x08007658   0x00000184   Code   RO         1229    i._fp_digits        mc_w.l(printfa.o)
    0x080077dc   0x080077dc   0x0000000e   Code   RO         1396    i._is_digit         mc_w.l(scanf_fp.o)
    0x080077ea   0x080077ea   0x00000002   PAD
    0x080077ec   0x080077ec   0x000006b4   Code   RO         1230    i._printf_core      mc_w.l(printfa.o)
    0x08007ea0   0x08007ea0   0x00000024   Code   RO         1231    i._printf_post_padding  mc_w.l(printfa.o)
    0x08007ec4   0x08007ec4   0x0000002e   Code   RO         1232    i._printf_pre_padding  mc_w.l(printfa.o)
    0x08007ef2   0x08007ef2   0x00000016   Code   RO         1233    i._snputc           mc_w.l(printfa.o)
    0x08007f08   0x08007f08   0x0000000a   Code   RO         1234    i._sputc            mc_w.l(printfa.o)
    0x08007f12   0x08007f12   0x0000002a   Code   RO          965    i.atof              m_ws.l(atof.o)
    0x08007f3c   0x08007f3c   0x00000012   Code   RO         1322    i.fputc             mc_w.l(fputc.o)
    0x08007f4e   0x08007f4e   0x00000002   PAD
    0x08007f50   0x08007f50   0x00000050   Code   RO         1250    i.free              mc_w.l(malloc.o)
    0x08007fa0   0x08007fa0   0x0000006c   Code   RO         1251    i.malloc            mc_w.l(malloc.o)
    0x0800800c   0x0800800c   0x0000081e   Data   RO          519    .constdata          oled_i2c.o
    0x0800882a   0x0800882a   0x000000b8   Data   RO          667    .constdata          algorithm.o
    0x080088e2   0x080088e2   0x00000002   PAD
    0x080088e4   0x080088e4   0x000002bc   Data   RO          832    .constdata          onenet.o
    0x08008ba0   0x08008ba0   0x000000c0   Data   RO          898    .constdata          base64.o
    0x08008c60   0x08008c60   0x00000081   Data   RO         1367    .constdata          mc_w.l(ctype_o.o)
    0x08008ce1   0x08008ce1   0x00000003   PAD
    0x08008ce4   0x08008ce4   0x00000004   Data   RO         1368    .constdata          mc_w.l(ctype_o.o)
    0x08008ce8   0x08008ce8   0x00000089   Data   RO          833    .conststring        onenet.o
    0x08008d71   0x08008d71   0x00000003   PAD
    0x08008d74   0x08008d74   0x00000020   Data   RO         1410    Region$$Table       anon$$obj.o


    Execution Region RW_IRAM1 (Exec base: 0x20000000, Load base: 0x08008d94, Size: 0x000032f8, Max: 0x00005000, ABSOLUTE, COMPRESSED[0x000003d0])

    Exec Addr    Load Addr    Size         Type   Attr      Idx    E Section Name        Object

    0x20000000   COMPRESSED   0x00000014   Data   RW          117    .data               system_stm32f10x.o
    0x20000014   COMPRESSED   0x00000014   Data   RW          192    .data               stm32f10x_rcc.o
    0x20000028   COMPRESSED   0x00000004   Data   RW          449    .data               delay.o
    0x2000002c   COMPRESSED   0x00000500   Data   RW          521    .data               oled_i2c.o
    0x2000052c   COMPRESSED   0x00000018   Data   RW          544    .data               display.o
    0x20000544   COMPRESSED   0x00000008   Data   RW          608    .data               ds1302.o
    0x2000054c   COMPRESSED   0x00000050   Data   RW          628    .data               max30102.o
    0x2000059c   COMPRESSED   0x00000004   Data   RW          688    .data               usart1.o
    0x200005a0   COMPRESSED   0x0000000c   Data   RW          707    .data               atgm336h.o
    0x200005ac   COMPRESSED   0x00000001   Data   RW          737    .data               usart2.o
    0x200005ad   COMPRESSED   0x00000002   Data   RW          762    .data               key.o
    0x200005af   COMPRESSED   0x00000001   Data   RW          798    .data               main.o
    0x200005b0   COMPRESSED   0x00000001   Data   RW          800    .data               main.o
    0x200005b1   COMPRESSED   0x00000001   Data   RW          801    .data               main.o
    0x200005b2   COMPRESSED   0x00000001   Data   RW          802    .data               main.o
    0x200005b3   COMPRESSED   0x00000001   Data   RW          803    .data               main.o
    0x200005b4   COMPRESSED   0x00000004   Data   RW          834    .data               onenet.o
    0x200005b8   COMPRESSED   0x00000006   Data   RW          949    .data               esp8266.o
    0x200005be   COMPRESSED   0x00000002   PAD
    0x200005c0   COMPRESSED   0x00000004   Data   RW         1324    .data               mc_w.l(stdout.o)
    0x200005c4   COMPRESSED   0x00000004   Data   RW         1331    .data               mc_w.l(mvars.o)
    0x200005c8   COMPRESSED   0x00000004   Data   RW         1332    .data               mc_w.l(mvars.o)
    0x200005cc   COMPRESSED   0x00000004   Data   RW         1336    .data               mc_w.l(errno.o)
    0x200005d0        -       0x00000400   Zero   RW          518    .bss                oled_i2c.o
    0x200009d0        -       0x00000530   Zero   RW          627    .bss                max30102.o
    0x20000f00        -       0x000004b0   Zero   RW          666    .bss                algorithm.o
    0x200013b0        -       0x00000141   Zero   RW          686    .bss                usart1.o
    0x200014f1   COMPRESSED   0x00000007   PAD
    0x200014f8        -       0x00000400   Zero   RW          734    .bss                usart2.o
    0x200018f8        -       0x00000200   Zero   RW          948    .bss                esp8266.o
    0x20001af8        -       0x00000c00   Zero   RW          135    HEAP                startup_stm32f10x_hd.o
    0x200026f8        -       0x00000c00   Zero   RW          134    STACK               startup_stm32f10x_hd.o


==============================================================================

Image component sizes


      Code (inc. data)   RO Data    RW Data    ZI Data      Debug   Object Name

       988         12        184          0       1200       6056   algorithm.o
       732         74          0         12          0       3033   atgm336h.o
       576          6        192          0          0       3430   base64.o
       164          4          0          0          0       1547   buzzer.o
         0          0          0          0          0       4572   core_cm3.o
       108          6          0          4          0       1125   delay.o
      3420        320          0         24          0       4481   display.o
       928          6          0          8          0       4232   ds1302.o
       544         12          0          0          0       2664   ds18b20.o
      1168        210          0          6        512       4016   esp8266.o
       852         28          0          0          0       4402   hmac_sha1.o
      1520         78          0          2          0       4005   key.o
       432         44          0          5          0       1296   main.o
      1424         46          0         80       1328       5095   max30102.o
       176         14          0          0          0     207249   misc.o
      3116         96          0          0          0      15761   mqttkit.o
       472          6          0          0          0       3070   myiic.o
      1316         38       2078       1280       1024       6576   oled_i2c.o
      2896       1012        837          4          0       8641   onenet.o
        36          8        304          0       6144        788   startup_stm32f10x_hd.o
       456         10          0          0          0       4562   stm32f10x_dma.o
       232          8          0          0          0       2311   stm32f10x_exti.o
       612         36          0          0          0       5933   stm32f10x_gpio.o
       808         14          0          0          0       9603   stm32f10x_i2c.o
        18          0          0          0          0      41882   stm32f10x_it.o
       696         32          0         20          0       8884   stm32f10x_rcc.o
       808         22          0          0          0       8800   stm32f10x_usart.o
       344         34          0         20          0       1783   system_stm32f10x.o
       344         18          0          4        321       2053   usart1.o
       592         20          0          1       1024       3490   usart2.o

    ----------------------------------------------------------------------
     25780       2214       3632       1472      11560     381340   Object Totals
         0          0         32          0          0          0   (incl. Generated)
         2          0          5          2          7          0   (incl. Padding)

    ----------------------------------------------------------------------

      Code (inc. data)   RO Data    RW Data    ZI Data      Debug   Library Member Name

        42          0          0          0          0         84   atof.o
        94          0          0          0          0          0   __dclz77c.o
        28          0          0          0          0         68   _chval.o
        64          0          0          0          0         84   _sgetc.o
       158          0          0          0          0         92   _strtoul.o
        26          0          0          0          0         80   atoi.o
         8          4        133          0          0         68   ctype_o.o
         0          0          0          0          0          0   entry.o
         0          0          0          0          0          0   entry10a.o
         0          0          0          0          0          0   entry11a.o
         4          0          0          0          0          0   entry12b.o
         8          4          0          0          0          0   entry2.o
         4          0          0          0          0          0   entry5.o
         0          0          0          0          0          0   entry7b.o
         0          0          0          0          0          0   entry8b.o
         8          4          0          0          0          0   entry9a.o
        32         16          0          4          0        204   errno.o
        18          0          0          0          0         80   fputc.o
        30          0          0          0          0          0   handlers.o
        36          8          0          0          0         68   init.o
        18          0          0          0          0         76   isspace_o.o
         0          0          0          0          0          0   iusefp.o
         0          0          0          0          0          0   iusesemip.o
        30          0          0          0          0         68   llshl.o
        36          0          0          0          0         68   llsshr.o
        32          0          0          0          0         68   llushr.o
       188         20          0          0          0        160   malloc.o
        36          0          0          0          0         68   memcpya.o
        36          0          0          0          0        108   memseta.o
         0          0          0          8          0          0   mvars.o
      2378        106          0          0          0        852   printfa.o
       878         12          0          0          0        216   scanf_fp.o
         0          0          0          0          0          0   semi.o
         0          0          0          4          0          0   stdout.o
        24          0          0          0          0         68   strcat.o
        20          0          0          0          0         68   strchr.o
        18          0          0          0          0         68   strcpy.o
        14          0          0          0          0         68   strlen.o
        40          0          0          0          0         76   strncat.o
        36          0          0          0          0         80   strstr.o
       156         12          0          0          0        120   strtod.o
       112          0          0          0          0         88   strtol.o
        44          0          0          0          0         80   uidiv.o
        98          0          0          0          0         92   uldiv.o
        48          0          0          0          0         68   cdrcmple.o
        20          0          0          0          0         68   cfrcmple.o
        56          0          0          0          0         88   d2f.o
       334          0          0          0          0        148   dadd.o
       222          0          0          0          0        100   ddiv.o
       186          0          0          0          0        176   depilogue.o
        62          0          0          0          0         80   dfixi.o
        48          0          0          0          0         68   dfixul.o
        34          0          0          0          0         76   dflti.o
        24          0          0          0          0         76   dfltul.o
       228          0          0          0          0         96   dmul.o
        38          0          0          0          0         68   f2d.o
       176          0          0          0          0        140   fadd.o
       124          0          0          0          0         88   fdiv.o
       110          0          0          0          0        168   fepilogue.o
        50          0          0          0          0         68   ffixi.o
        40          0          0          0          0         68   ffixui.o
        18          0          0          0          0         68   fflti.o
        10          0          0          0          0         68   ffltui.o
       100          0          0          0          0         76   fmul.o

    ----------------------------------------------------------------------
      6696        186        136         16          0       5176   Library Totals
        14          0          3          0          0          0   (incl. Padding)

    ----------------------------------------------------------------------

      Code (inc. data)   RO Data    RW Data    ZI Data      Debug   Library Name

        42          0          0          0          0         84   m_ws.l
      4712        186        133         16          0       3236   mc_w.l
      1928          0          0          0          0       1856   mf_w.l

    ----------------------------------------------------------------------
      6696        186        136         16          0       5176   Library Totals

    ----------------------------------------------------------------------

==============================================================================


      Code (inc. data)   RO Data    RW Data    ZI Data      Debug   

     32476       2400       3768       1488      11560     380768   Grand Totals
     32476       2400       3768        976      11560     380768   ELF Image Totals (compressed)
     32476       2400       3768        976          0          0   ROM Totals

==============================================================================

    Total RO  Size (Code + RO Data)                36244 (  35.39kB)
    Total RW  Size (RW Data + ZI Data)             13048 (  12.74kB)
    Total ROM Size (Code + RO Data + RW Data)      37220 (  36.35kB)

==============================================================================

